2025-04-22T00:23:42.211  WARN --- [  Thread-109] hypercorn.error            : ASGI Framework Lifespan error, continuing without Lifespan support
2025-04-22T00:23:42.211  WARN --- [  Thread-109] hypercorn.error            : ASGI Framework Lifespan error, continuing without Lifespan support
2025-04-22T00:23:42.213  INFO --- [  Thread-109] hypercorn.error            : Running on https://0.0.0.0:4566 (CTRL + C to quit)
2025-04-22T00:23:42.213  INFO --- [  Thread-109] hypercorn.error            : Running on https://0.0.0.0:4566 (CTRL + C to quit)
2025-04-22T00:24:24.337  INFO --- [  Thread-118] l.services.motoserver      : starting moto server on http://0.0.0.0:39445
2025-04-22T00:24:24.339  INFO --- [   asgi_gw_0] localstack.services.infra  : Starting mock S3 service on http port 4566 ...
2025-04-22T00:24:24.876  INFO --- [   asgi_gw_0] localstack.request.aws     : AWS s3.ListBuckets => 200
2025-04-22T00:24:38.574  INFO --- [   asgi_gw_0] localstack.request.http    : OPTIONS /_localstack/health => 204
2025-04-22T00:24:38.589  INFO --- [   asgi_gw_1] localstack.request.http    : GET /_localstack/health => 200
2025-04-22T00:24:41.773  INFO --- [   asgi_gw_0] localstack.request.http    : GET /_localstack/health => 200
2025-04-22T00:24:43.983  INFO --- [   asgi_gw_1] localstack.request.http    : GET /_localstack/health => 200
2025-04-22T00:24:46.186  INFO --- [   asgi_gw_0] localstack.request.http    : OPTIONS /_localstack/health => 204
2025-04-22T00:24:46.195  INFO --- [   asgi_gw_1] localstack.request.http    : GET /_localstack/health => 200
2025-04-22T00:24:48.456  INFO --- [   asgi_gw_1] localstack.request.http    : GET /_localstack/health => 200
2025-04-22T00:24:50.645  INFO --- [   asgi_gw_0] localstack.request.http    : GET /_localstack/health => 200
2025-04-22T00:24:52.833  INFO --- [   asgi_gw_1] localstack.request.http    : OPTIONS /_localstack/health => 204
2025-04-22T00:24:52.842  INFO --- [   asgi_gw_0] localstack.request.http    : GET /_localstack/health => 200
2025-04-22T00:24:52.711  INFO --- [   asgi_gw_1] localstack.request.http    : GET /_localstack/health => 200
2025-04-22T00:30:18.984  INFO --- [   asgi_gw_1] localstack.request.http    : OPTIONS /_localstack/health => 204
2025-04-22T00:30:19.030  INFO --- [   asgi_gw_0] localstack.request.http    : GET /_localstack/health => 200
2025-04-22T00:30:21.273  INFO --- [   asgi_gw_1] localstack.request.http    : GET /_localstack/health => 200
2025-04-22T00:30:21.049  INFO --- [   asgi_gw_1] localstack.request.http    : GET /_localstack/health => 200
2025-04-22T00:30:23.246  INFO --- [   asgi_gw_0] localstack.request.http    : OPTIONS /_localstack/health => 204
2025-04-22T00:30:23.257  INFO --- [   asgi_gw_1] localstack.request.http    : GET /_localstack/health => 200
2025-04-22T00:30:25.503  INFO --- [   asgi_gw_0] localstack.request.http    : GET /_localstack/health => 200
2025-04-22T00:30:27.757  INFO --- [   asgi_gw_1] localstack.request.http    : GET /_localstack/health => 200
2025-04-22T00:30:29.940  INFO --- [   asgi_gw_0] localstack.request.http    : OPTIONS /_localstack/health => 204
2025-04-22T00:30:29.949  INFO --- [   asgi_gw_1] localstack.request.http    : GET /_localstack/health => 200
2025-04-22T00:30:32.203  INFO --- [   asgi_gw_1] localstack.request.http    : GET /_localstack/health => 200
2025-04-22T00:30:34.443  INFO --- [   asgi_gw_0] localstack.request.http    : GET /_localstack/health => 200
2025-04-22T00:30:36.629  INFO --- [   asgi_gw_1] localstack.request.http    : OPTIONS /_localstack/health => 204
2025-04-22T00:30:36.641  INFO --- [   asgi_gw_0] localstack.request.http    : GET /_localstack/health => 200
2025-04-22T00:30:38.874  INFO --- [   asgi_gw_1] localstack.request.http    : GET /_localstack/health => 200
2025-04-22T00:30:41.117  INFO --- [   asgi_gw_0] localstack.request.http    : GET /_localstack/health => 200
2025-04-22T00:30:43.303  INFO --- [   asgi_gw_0] localstack.request.http    : OPTIONS /_localstack/health => 204
2025-04-22T00:30:43.313  INFO --- [   asgi_gw_1] localstack.request.http    : GET /_localstack/health => 200
2025-04-22T00:30:45.558  INFO --- [   asgi_gw_0] localstack.request.http    : GET /_localstack/health => 200
2025-04-22T00:31:50.512  INFO --- [   asgi_gw_1] localstack.request.http    : OPTIONS /_localstack/health => 204
2025-04-22T00:31:50.547  INFO --- [   asgi_gw_0] localstack.request.http    : GET /_localstack/health => 200
2025-04-22T00:31:52.790  INFO --- [   asgi_gw_1] localstack.request.http    : GET /_localstack/health => 200
